#-----------------------------------------------------------
# Vivado v2024.1 (64-bit)
# SW Build 5076996 on Wed May 22 18:37:14 MDT 2024
# IP Build 5075265 on Wed May 22 21:45:21 MDT 2024
# SharedData Build 5076995 on Wed May 22 18:29:18 MDT 2024
# Start of session at: Thu Dec  5 13:41:23 2024
# Process ID: 24376
# Current directory: E:/VED/minor_2
# Command line: vivado.exe -gui_launcher_event rodinguilauncherevent5924 E:\VED\minor_2\minor_2.xpr
# Log file: E:/VED/minor_2/vivado.log
# Journal file: E:/VED/minor_2\vivado.jou
# Running On        :Joy-ce-2
# Platform          :Windows Server 2016 or Windows 10
# Operating System  :22631
# Processor Detail  :11th Gen Intel(R) Core(TM) i3-1115G4 @ 3.00GHz
# CPU Frequency     :2995 MHz
# CPU Physical cores:2
# CPU Logical cores :4
# Host memory       :8115 MB
# Swap memory       :8053 MB
# Total Virtual     :16168 MB
# Available Virtual :8395 MB
#-----------------------------------------------------------
start_gui
open_project E:/VED/minor_2/minor_2.xpr
update_compile_order -fileset sources_1
launch_simulation
source ADC_16bit_tb.tcl
close_sim
launch_simulation
source ADC_16bit_tb.tcl
close_sim
launch_simulation
source ADC_16bit_tb.tcl
close_sim
launch_simulation
source ADC_16bit_tb.tcl
close_sim
